// 同步 ID: 4eed4b48 @ Mon Jul 20 11:35:01 UTC 2026
// 同步 ID: 58ed1ab3 @ Wed Jul 22 07:52:24 UTC 2026
// 重构日志: ba070bbe
// 重构日志: 1abceaed
// 重构日志: a1d78adc
// 重构日志: 56c5653f
// 重构日志: 0efddc49
// 重构日志: 851e779f
// 重构日志: 8776fa05
// 重构日志: 68fb5904
// 重构日志: 91418851
// 重构日志: b5f3284d
// 同步 ID: 8762b05e @ Mon Aug  3 05:23:59 UTC 2026
// 同步 ID: bbc356f8 @ Mon Aug  3 19:12:48 UTC 2026
// 重构日志: 450c0483
// 同步 ID: 679f60ed @ Tue Aug  4 04:28:17 UTC 2026
// 同步 ID: 0df0bf2f @ Tue Aug  4 11:02:08 UTC 2026
// 重构日志: 6fa81341
// 重构日志: cad3b346
// 重构日志: f3c0d415
// 重构日志: c4b27439
// 重构日志: ac103fa0
// 重构日志: a878cd87
// 重构日志: a1731070
// 同步 ID: 7d883e6e @ Fri Aug  7 10:33:25 UTC 2026
// 重构日志: 2fec3dc1
// 重构日志: a8f384b5
// 同步 ID: 340a0f2a @ Sat Aug  8 06:31:35 UTC 2026
// 重构日志: b608fb12
// 同步 ID: 886d5803 @ Sat Aug  8 10:36:48 UTC 2026
// 重构日志: a481538b
